Archive member included to satisfy reference by file (symbol)

c:/ac6/systemworkbench/plugins/fr.ac6.mcu.externaltools.arm-none.win32_1.16.0.201807130628/tools/compiler/bin/../lib/gcc/arm-none-eabi/7.2.1/../../../../arm-none-eabi/lib/thumb/v7e-m/fpv4-sp/hard\libc_nano.a(lib_a-exit.o)
                              c:/ac6/systemworkbench/plugins/fr.ac6.mcu.externaltools.arm-none.win32_1.16.0.201807130628/tools/compiler/bin/../lib/gcc/arm-none-eabi/7.2.1/../../../../arm-none-eabi/lib/thumb/v7e-m/fpv4-sp/hard/rdimon-crt0.o (exit)
c:/ac6/systemworkbench/plugins/fr.ac6.mcu.externaltools.arm-none.win32_1.16.0.201807130628/tools/compiler/bin/../lib/gcc/arm-none-eabi/7.2.1/../../../../arm-none-eabi/lib/thumb/v7e-m/fpv4-sp/hard\libc_nano.a(lib_a-impure.o)
                              c:/ac6/systemworkbench/plugins/fr.ac6.mcu.externaltools.arm-none.win32_1.16.0.201807130628/tools/compiler/bin/../lib/gcc/arm-none-eabi/7.2.1/../../../../arm-none-eabi/lib/thumb/v7e-m/fpv4-sp/hard\libc_nano.a(lib_a-exit.o) (_global_impure_ptr)
c:/ac6/systemworkbench/plugins/fr.ac6.mcu.externaltools.arm-none.win32_1.16.0.201807130628/tools/compiler/bin/../lib/gcc/arm-none-eabi/7.2.1/../../../../arm-none-eabi/lib/thumb/v7e-m/fpv4-sp/hard\libc_nano.a(lib_a-init.o)
                              c:/ac6/systemworkbench/plugins/fr.ac6.mcu.externaltools.arm-none.win32_1.16.0.201807130628/tools/compiler/bin/../lib/gcc/arm-none-eabi/7.2.1/../../../../arm-none-eabi/lib/thumb/v7e-m/fpv4-sp/hard/rdimon-crt0.o (__libc_init_array)
c:/ac6/systemworkbench/plugins/fr.ac6.mcu.externaltools.arm-none.win32_1.16.0.201807130628/tools/compiler/bin/../lib/gcc/arm-none-eabi/7.2.1/../../../../arm-none-eabi/lib/thumb/v7e-m/fpv4-sp/hard\libc_nano.a(lib_a-memset.o)
                              c:/ac6/systemworkbench/plugins/fr.ac6.mcu.externaltools.arm-none.win32_1.16.0.201807130628/tools/compiler/bin/../lib/gcc/arm-none-eabi/7.2.1/../../../../arm-none-eabi/lib/thumb/v7e-m/fpv4-sp/hard/rdimon-crt0.o (memset)
c:/ac6/systemworkbench/plugins/fr.ac6.mcu.externaltools.arm-none.win32_1.16.0.201807130628/tools/compiler/bin/../lib/gcc/arm-none-eabi/7.2.1/../../../../arm-none-eabi/lib/thumb/v7e-m/fpv4-sp/hard\librdimon_nano.a(rdimon-syscalls.o)
                              c:/ac6/systemworkbench/plugins/fr.ac6.mcu.externaltools.arm-none.win32_1.16.0.201807130628/tools/compiler/bin/../lib/gcc/arm-none-eabi/7.2.1/../../../../arm-none-eabi/lib/thumb/v7e-m/fpv4-sp/hard/rdimon-crt0.o (initialise_monitor_handles)
c:/ac6/systemworkbench/plugins/fr.ac6.mcu.externaltools.arm-none.win32_1.16.0.201807130628/tools/compiler/bin/../lib/gcc/arm-none-eabi/7.2.1/../../../../arm-none-eabi/lib/thumb/v7e-m/fpv4-sp/hard\librdimon_nano.a(rdimon-_exit.o)
                              c:/ac6/systemworkbench/plugins/fr.ac6.mcu.externaltools.arm-none.win32_1.16.0.201807130628/tools/compiler/bin/../lib/gcc/arm-none-eabi/7.2.1/../../../../arm-none-eabi/lib/thumb/v7e-m/fpv4-sp/hard\libc_nano.a(lib_a-exit.o) (_exit)
c:/ac6/systemworkbench/plugins/fr.ac6.mcu.externaltools.arm-none.win32_1.16.0.201807130628/tools/compiler/bin/../lib/gcc/arm-none-eabi/7.2.1/../../../../arm-none-eabi/lib/thumb/v7e-m/fpv4-sp/hard\librdimon_nano.a(rdimon-_kill.o)
                              c:/ac6/systemworkbench/plugins/fr.ac6.mcu.externaltools.arm-none.win32_1.16.0.201807130628/tools/compiler/bin/../lib/gcc/arm-none-eabi/7.2.1/../../../../arm-none-eabi/lib/thumb/v7e-m/fpv4-sp/hard\librdimon_nano.a(rdimon-_exit.o) (_kill)
c:/ac6/systemworkbench/plugins/fr.ac6.mcu.externaltools.arm-none.win32_1.16.0.201807130628/tools/compiler/bin/../lib/gcc/arm-none-eabi/7.2.1/../../../../arm-none-eabi/lib/thumb/v7e-m/fpv4-sp/hard\libc_nano.a(lib_a-errno.o)
                              c:/ac6/systemworkbench/plugins/fr.ac6.mcu.externaltools.arm-none.win32_1.16.0.201807130628/tools/compiler/bin/../lib/gcc/arm-none-eabi/7.2.1/../../../../arm-none-eabi/lib/thumb/v7e-m/fpv4-sp/hard\librdimon_nano.a(rdimon-syscalls.o) (__errno)
c:/ac6/systemworkbench/plugins/fr.ac6.mcu.externaltools.arm-none.win32_1.16.0.201807130628/tools/compiler/bin/../lib/gcc/arm-none-eabi/7.2.1/../../../../arm-none-eabi/lib/thumb/v7e-m/fpv4-sp/hard\libc_nano.a(lib_a-findfp.o)
                              c:/ac6/systemworkbench/plugins/fr.ac6.mcu.externaltools.arm-none.win32_1.16.0.201807130628/tools/compiler/bin/../lib/gcc/arm-none-eabi/7.2.1/../../../../arm-none-eabi/lib/thumb/v7e-m/fpv4-sp/hard\librdimon_nano.a(rdimon-syscalls.o) (__sinit)
c:/ac6/systemworkbench/plugins/fr.ac6.mcu.externaltools.arm-none.win32_1.16.0.201807130628/tools/compiler/bin/../lib/gcc/arm-none-eabi/7.2.1/../../../../arm-none-eabi/lib/thumb/v7e-m/fpv4-sp/hard\libc_nano.a(lib_a-fwalk.o)
                              c:/ac6/systemworkbench/plugins/fr.ac6.mcu.externaltools.arm-none.win32_1.16.0.201807130628/tools/compiler/bin/../lib/gcc/arm-none-eabi/7.2.1/../../../../arm-none-eabi/lib/thumb/v7e-m/fpv4-sp/hard\libc_nano.a(lib_a-findfp.o) (_fwalk)
[...]
Memory Configuration

Name             Origin             Length             Attributes
RAM              0x20000000         0x00003000         xrw
CCMRAM           0x10000000         0x00001000         rw
FLASH            0x08000000         0x00010000         xr
*default*        0x00000000         0xffffffff

Linker script and memory map

LOAD c:/ac6/systemworkbench/plugins/fr.ac6.mcu.externaltools.arm-none.win32_1.16.0.201807130628/tools/compiler/bin/../lib/gcc/arm-none-eabi/7.2.1/thumb/v7e-m/fpv4-sp/hard/crti.o
LOAD c:/ac6/systemworkbench/plugins/fr.ac6.mcu.externaltools.arm-none.win32_1.16.0.201807130628/tools/compiler/bin/../lib/gcc/arm-none-eabi/7.2.1/thumb/v7e-m/fpv4-sp/hard/crtbegin.o
LOAD c:/ac6/systemworkbench/plugins/fr.ac6.mcu.externaltools.arm-none.win32_1.16.0.201807130628/tools/compiler/bin/../lib/gcc/arm-none-eabi/7.2.1/../../../../arm-none-eabi/lib/thumb/v7e-m/fpv4-sp/hard/rdimon-crt0.o
LOAD c:/ac6/systemworkbench/plugins/fr.ac6.mcu.externaltools.arm-none.win32_1.16.0.201807130628/tools/compiler/bin/../lib/gcc/arm-none-eabi/7.2.1/../../../../arm-none-eabi/lib/thumb/v7e-m/fpv4-sp/hard\libc_nano.a
LOAD c:/ac6/systemworkbench/plugins/fr.ac6.mcu.externaltools.arm-none.win32_1.16.0.201807130628/tools/compiler/bin/../lib/gcc/arm-none-eabi/7.2.1/../../../../arm-none-eabi/lib/thumb/v7e-m/fpv4-sp/hard\librdimon_nano.a
LOAD Drivers/STM32F3xx_HAL_Driver/Src/stm32f3xx_hal.o
LOAD Drivers/STM32F3xx_HAL_Driver/Src/stm32f3xx_hal_adc.o
LOAD Drivers/STM32F3xx_HAL_Driver/Src/stm32f3xx_hal_adc_ex.o
LOAD Drivers/STM32F3xx_HAL_Driver/Src/stm32f3xx_hal_can.o
LOAD Drivers/STM32F3xx_HAL_Driver/Src/stm32f3xx_hal_cortex.o
LOAD Drivers/STM32F3xx_HAL_Driver/Src/stm32f3xx_hal_dma.o
LOAD Drivers/STM32F3xx_HAL_Driver/Src/stm32f3xx_hal_flash.o
LOAD Drivers/STM32F3xx_HAL_Driver/Src/stm32f3xx_hal_flash_ex.o
LOAD Drivers/STM32F3xx_HAL_Driver/Src/stm32f3xx_hal_gpio.o
LOAD Drivers/STM32F3xx_HAL_Driver/Src/stm32f3xx_hal_i2c.o
LOAD Drivers/STM32F3xx_HAL_Driver/Src/stm32f3xx_hal_i2c_ex.o
LOAD Drivers/STM32F3xx_HAL_Driver/Src/stm32f3xx_hal_pwr.o
LOAD Drivers/STM32F3xx_HAL_Driver/Src/stm32f3xx_hal_pwr_ex.o
LOAD Drivers/STM32F3xx_HAL_Driver/Src/stm32f3xx_hal_rcc.o
LOAD Drivers/STM32F3xx_HAL_Driver/Src/stm32f3xx_hal_rcc_ex.o
LOAD Drivers/STM32F3xx_HAL_Driver/Src/stm32f3xx_hal_tim.o
LOAD Drivers/STM32F3xx_HAL_Driver/Src/stm32f3xx_hal_tim_ex.o
LOAD Src/adc.o
LOAD Src/can.o
LOAD Src/gpio.o
LOAD Src/main.o
LOAD Src/stm32f3xx_hal_msp.o
LOAD Src/stm32f3xx_it.o
LOAD Src/system_stm32f3xx.o
LOAD startup/startup_stm32f303x8.o
LOAD c:/ac6/systemworkbench/plugins/fr.ac6.mcu.externaltools.arm-none.win32_1.16.0.201807130628/tools/compiler/bin/../lib/gcc/arm-none-eabi/7.2.1/../../../../arm-none-eabi/lib/thumb/v7e-m/fpv4-sp/hard\libm.a
START GROUP
LOAD c:/ac6/systemworkbench/plugins/fr.ac6.mcu.externaltools.arm-none.win32_1.16.0.201807130628/tools/compiler/bin/../lib/gcc/arm-none-eabi/7.2.1/thumb/v7e-m/fpv4-sp/hard\libgcc.a
LOAD c:/ac6/systemworkbench/plugins/fr.ac6.mcu.externaltools.arm-none.win32_1.16.0.201807130628/tools/compiler/bin/../lib/gcc/arm-none-eabi/7.2.1/../../../../arm-none-eabi/lib/thumb/v7e-m/fpv4-sp/hard\libc_nano.a
END GROUP
START GROUP
LOAD c:/ac6/systemworkbench/plugins/fr.ac6.mcu.externaltools.arm-none.win32_1.16.0.201807130628/tools/compiler/bin/../lib/gcc/arm-none-eabi/7.2.1/thumb/v7e-m/fpv4-sp/hard\libgcc.a
LOAD c:/ac6/systemworkbench/plugins/fr.ac6.mcu.externaltools.arm-none.win32_1.16.0.201807130628/tools/compiler/bin/../lib/gcc/arm-none-eabi/7.2.1/../../../../arm-none-eabi/lib/thumb/v7e-m/fpv4-sp/hard\libc_nano.a
LOAD c:/ac6/systemworkbench/plugins/fr.ac6.mcu.externaltools.arm-none.win32_1.16.0.201807130628/tools/compiler/bin/../lib/gcc/arm-none-eabi/7.2.1/../../../../arm-none-eabi/lib/thumb/v7e-m/fpv4-sp/hard\libnosys.a
END GROUP
START GROUP
LOAD c:/ac6/systemworkbench/plugins/fr.ac6.mcu.externaltools.arm-none.win32_1.16.0.201807130628/tools/compiler/bin/../lib/gcc/arm-none-eabi/7.2.1/thumb/v7e-m/fpv4-sp/hard\libgcc.a
LOAD c:/ac6/systemworkbench/plugins/fr.ac6.mcu.externaltools.arm-none.win32_1.16.0.201807130628/tools/compiler/bin/../lib/gcc/arm-none-eabi/7.2.1/../../../../arm-none-eabi/lib/thumb/v7e-m/fpv4-sp/hard\libc_nano.a
LOAD c:/ac6/systemworkbench/plugins/fr.ac6.mcu.externaltools.arm-none.win32_1.16.0.201807130628/tools/compiler/bin/../lib/gcc/arm-none-eabi/7.2.1/../../../../arm-none-eabi/lib/thumb/v7e-m/fpv4-sp/hard\librdimon_nano.a
LOAD c:/ac6/systemworkbench/plugins/fr.ac6.mcu.externaltools.arm-none.win32_1.16.0.201807130628/tools/compiler/bin/../lib/gcc/arm-none-eabi/7.2.1/../../../../arm-none-eabi/lib/thumb/v7e-m/fpv4-sp/hard\libnosys.a
END GROUP
START GROUP
LOAD c:/ac6/systemworkbench/plugins/fr.ac6.mcu.externaltools.arm-none.win32_1.16.0.201807130628/tools/compiler/bin/../lib/gcc/arm-none-eabi/7.2.1/thumb/v7e-m/fpv4-sp/hard\libgcc.a
LOAD c:/ac6/systemworkbench/plugins/fr.ac6.mcu.externaltools.arm-none.win32_1.16.0.201807130628/tools/compiler/bin/../lib/gcc/arm-none-eabi/7.2.1/../../../../arm-none-eabi/lib/thumb/v7e-m/fpv4-sp/hard\libc_nano.a
LOAD c:/ac6/systemworkbench/plugins/fr.ac6.mcu.externaltools.arm-none.win32_1.16.0.201807130628/tools/compiler/bin/../lib/gcc/arm-none-eabi/7.2.1/../../../../arm-none-eabi/lib/thumb/v7e-m/fpv4-sp/hard\librdimon_nano.a
END GROUP
LOAD c:/ac6/systemworkbench/plugins/fr.ac6.mcu.externaltools.arm-none.win32_1.16.0.201807130628/tools/compiler/bin/../lib/gcc/arm-none-eabi/7.2.1/thumb/v7e-m/fpv4-sp/hard/crtend.o
LOAD c:/ac6/systemworkbench/plugins/fr.ac6.mcu.externaltools.arm-none.win32_1.16.0.201807130628/tools/compiler/bin/../lib/gcc/arm-none-eabi/7.2.1/thumb/v7e-m/fpv4-sp/hard/crtn.o
                0x20003000                _estack = 0x20003000
                0x00000200                _Min_Heap_Size = 0x200
                0x00000400                _Min_Stack_Size = 0x400

.isr_vector     0x08000000      0x188
                0x08000000                . = ALIGN (0x4)
 *(.isr_vector)
 .isr_vector    0x08000000      0x188 startup/startup_stm32f303x8.o
                0x08000000                g_pfnVectors
                0x08000188                . = ALIGN (0x4)

.text           0x08000188     0x2cb8
                0x08000188                . = ALIGN (0x4)
 *(.text)
 .text          0x08000188       0x40 c:/ac6/systemworkbench/plugins/fr.ac6.mcu.externaltools.arm-none.win32_1.16.0.201807130628/tools/compiler/bin/../lib/gcc/arm-none-eabi/7.2.1/thumb/v7e-m/fpv4-sp/hard/crtbegin.o
 *(.text*)
 .text.__libc_init_array
                0x080001c8       0x48 c:/ac6/systemworkbench/plugins/fr.ac6.mcu.externaltools.arm-none.win32_1.16.0.201807130628/tools/compiler/bin/../lib/gcc/arm-none-eabi/7.2.1/../../../../arm-none-eabi/lib/thumb/v7e-m/fpv4-sp/hard\libc_nano.a(lib_a-init.o)
                0x080001c8                __libc_init_array
 .text.HAL_InitTick
                0x08000210       0x2c Drivers/STM32F3xx_HAL_Driver/Src/stm32f3xx_hal.o
                0x08000210                HAL_InitTick
 .text.HAL_Init
                0x0800023c       0x24 Drivers/STM32F3xx_HAL_Driver/Src/stm32f3xx_hal.o
                0x0800023c                HAL_Init
 .text.HAL_IncTick
                0x08000260       0x10 Drivers/STM32F3xx_HAL_Driver/Src/stm32f3xx_hal.o
                0x08000260                HAL_IncTick
 .text.HAL_GetTick
                0x08000270        0xc Drivers/STM32F3xx_HAL_Driver/Src/stm32f3xx_hal.o
                0x08000270                HAL_GetTick
 .text.HAL_ADC_LevelOutOfWindowCallback
                0x0800027c        0x2 Drivers/STM32F3xx_HAL_Driver/Src/stm32f3xx_hal_adc.o
                0x0800027c                HAL_ADC_LevelOutOfWindowCallback
 .text.HAL_ADC_ErrorCallback
                0x0800027e        0x2 Drivers/STM32F3xx_HAL_Driver/Src/stm32f3xx_hal_adc.o
                0x0800027e                HAL_ADC_ErrorCallback
 .text.ADC_Disable
                0x08000280       0x7e Drivers/STM32F3xx_HAL_Driver/Src/stm32f3xx_hal_adc_ex.o
 *fill*         0x080002fe        0x2 
 .text.ADC_Enable
                0x08000300       0x78 Drivers/STM32F3xx_HAL_Driver/Src/stm32f3xx_hal_adc_ex.o
 .text.HAL_ADC_Init
                0x08000378      0x210 Drivers/STM32F3xx_HAL_Driver/Src/stm32f3xx_hal_adc_ex.o
                0x08000378                HAL_ADC_Init
 .text.HAL_ADC_Start_IT
                0x08000588      0x140 Drivers/STM32F3xx_HAL_Driver/Src/stm32f3xx_hal_adc_ex.o
                0x08000588                HAL_ADC_Start_IT
 .text.HAL_ADC_GetValue
                0x080006c8        0x6 Drivers/STM32F3xx_HAL_Driver/Src/stm32f3xx_hal_adc_ex.o
                0x080006c8                HAL_ADC_GetValue
 .text.HAL_ADCEx_InjectedConvCpltCallback
                0x080006ce        0x2 Drivers/STM32F3xx_HAL_Driver/Src/stm32f3xx_hal_adc_ex.o
                0x080006ce                HAL_ADCEx_InjectedConvCpltCallback
 .text.HAL_ADCEx_InjectedQueueOverflowCallback
                0x080006d0        0x2 Drivers/STM32F3xx_HAL_Driver/Src/stm32f3xx_hal_adc_ex.o
                0x080006d0                HAL_ADCEx_InjectedQueueOverflowCallback
 .text.HAL_ADCEx_LevelOutOfWindow2Callback
                0x080006d2        0x2 Drivers/STM32F3xx_HAL_Driver/Src/stm32f3xx_hal_adc_ex.o
                0x080006d2                HAL_ADCEx_LevelOutOfWindow2Callback
 .text.HAL_ADCEx_LevelOutOfWindow3Callback
                0x080006d4        0x2 Drivers/STM32F3xx_HAL_Driver/Src/stm32f3xx_hal_adc_ex.o
                0x080006d4                HAL_ADCEx_LevelOutOfWindow3Callback
 *fill*         0x080006d6        0x2 
 .text.HAL_ADC_IRQHandler
                0x080006d8      0x2c8 Drivers/STM32F3xx_HAL_Driver/Src/stm32f3xx_hal_adc_ex.o
                0x080006d8                HAL_ADC_IRQHandler
 .text.HAL_ADC_ConfigChannel
                0x080009a0      0x370 Drivers/STM32F3xx_HAL_Driver/Src/stm32f3xx_hal_adc_ex.o
                0x080009a0                HAL_ADC_ConfigChannel
 .text.HAL_ADCEx_MultiModeConfigChannel
                0x08000d10      0x110 Drivers/STM32F3xx_HAL_Driver/Src/stm32f3xx_hal_adc_ex.o
                0x08000d10                HAL_ADCEx_MultiModeConfigChannel
 .text.HAL_CAN_ConfigFilter
                0x08000e20       0xfe Drivers/STM32F3xx_HAL_Driver/Src/stm32f3xx_hal_can.o
                0x08000e20                HAL_CAN_ConfigFilter
 .text.HAL_CAN_Init
                0x08000f1e      0x174 Drivers/STM32F3xx_HAL_Driver/Src/stm32f3xx_hal_can.o
                0x08000f1e                HAL_CAN_Init
 *fill*         0x08001092        0x2 
 .text.HAL_CAN_Transmit
                0x08001094      0x214 Drivers/STM32F3xx_HAL_Driver/Src/stm32f3xx_hal_can.o
                0x08001094                HAL_CAN_Transmit
 .text.HAL_CAN_Receive_IT
                0x080012a8      0x11a Drivers/STM32F3xx_HAL_Driver/Src/stm32f3xx_hal_can.o
                0x080012a8                HAL_CAN_Receive_IT
 .text.HAL_CAN_TxCpltCallback
                0x080013c2        0x2 Drivers/STM32F3xx_HAL_Driver/Src/stm32f3xx_hal_can.o
                0x080013c2                HAL_CAN_TxCpltCallback
 .text.CAN_Transmit_IT
                0x080013c4       0x5a Drivers/STM32F3xx_HAL_Driver/Src/stm32f3xx_hal_can.o
 .text.CAN_Receive_IT
                0x0800141e      0x180 Drivers/STM32F3xx_HAL_Driver/Src/stm32f3xx_hal_can.o
 .text.HAL_CAN_ErrorCallback
                0x0800159e        0x2 Drivers/STM32F3xx_HAL_Driver/Src/stm32f3xx_hal_can.o
                0x0800159e                HAL_CAN_ErrorCallback
 .text.HAL_CAN_IRQHandler
                0x080015a0      0x1e8 Drivers/STM32F3xx_HAL_Driver/Src/stm32f3xx_hal_can.o
                0x080015a0                HAL_CAN_IRQHandler
 .text.HAL_NVIC_SetPriorityGrouping
                0x08001788       0x24 Drivers/STM32F3xx_HAL_Driver/Src/stm32f3xx_hal_cortex.o
                0x08001788                HAL_NVIC_SetPriorityGrouping
 .text.HAL_NVIC_SetPriority
                0x080017ac       0x68 Drivers/STM32F3xx_HAL_Driver/Src/stm32f3xx_hal_cortex.o
                0x080017ac                HAL_NVIC_SetPriority
 .text.HAL_NVIC_EnableIRQ
                0x08001814       0x18 Drivers/STM32F3xx_HAL_Driver/Src/stm32f3xx_hal_cortex.o
                0x08001814                HAL_NVIC_EnableIRQ
 .text.HAL_SYSTICK_Config
                0x0800182c       0x2c Drivers/STM32F3xx_HAL_Driver/Src/stm32f3xx_hal_cortex.o
                0x0800182c                HAL_SYSTICK_Config
 .text.HAL_SYSTICK_CLKSourceConfig
                0x08001858       0x20 Drivers/STM32F3xx_HAL_Driver/Src/stm32f3xx_hal_cortex.o
                0x08001858                HAL_SYSTICK_CLKSourceConfig
 .text.HAL_SYSTICK_Callback
                0x08001878        0x2 Drivers/STM32F3xx_HAL_Driver/Src/stm32f3xx_hal_cortex.o
                0x08001878                HAL_SYSTICK_Callback
 .text.HAL_SYSTICK_IRQHandler
                0x0800187a        0x8 Drivers/STM32F3xx_HAL_Driver/Src/stm32f3xx_hal_cortex.o
                0x0800187a                HAL_SYSTICK_IRQHandler
 *fill*         0x08001882        0x2 
 .text.HAL_GPIO_Init
                0x08001884      0x188 Drivers/STM32F3xx_HAL_Driver/Src/stm32f3xx_hal_gpio.o
                0x08001884                HAL_GPIO_Init
 .text.HAL_GPIO_WritePin
                0x08001a0c        0xa Drivers/STM32F3xx_HAL_Driver/Src/stm32f3xx_hal_gpio.o
                0x08001a0c                HAL_GPIO_WritePin
 *fill*         0x08001a16        0x2 
 .text.HAL_RCC_OscConfig
                0x08001a18      0x610 Drivers/STM32F3xx_HAL_Driver/Src/stm32f3xx_hal_rcc.o
                0x08001a18                HAL_RCC_OscConfig
 .text.HAL_RCC_GetSysClockFreq
                0x08002028       0x70 Drivers/STM32F3xx_HAL_Driver/Src/stm32f3xx_hal_rcc.o
                0x08002028                HAL_RCC_GetSysClockFreq
 .text.HAL_RCC_ClockConfig
                0x08002098      0x1d4 Drivers/STM32F3xx_HAL_Driver/Src/stm32f3xx_hal_rcc.o
                0x08002098                HAL_RCC_ClockConfig
 .text.HAL_RCC_GetHCLKFreq
                0x0800226c        0xc Drivers/STM32F3xx_HAL_Driver/Src/stm32f3xx_hal_rcc.o
                0x0800226c                HAL_RCC_GetHCLKFreq
 .text.HAL_RCCEx_PeriphCLKConfig
                0x08002278      0x198 Drivers/STM32F3xx_HAL_Driver/Src/stm32f3xx_hal_rcc_ex.o
                0x08002278                HAL_RCCEx_PeriphCLKConfig
 .text.MX_ADC1_Init
                0x08002410       0x8c Src/adc.o
                0x08002410                MX_ADC1_Init
 .text.MX_ADC2_Init
                0x0800249c       0x74 Src/adc.o
                0x0800249c                MX_ADC2_Init
 .text.HAL_ADC_MspInit
                0x08002510       0xb8 Src/adc.o
                0x08002510                HAL_ADC_MspInit
 .text.MX_CAN_Init
                0x080025c8       0x48 Src/can.o
                0x080025c8                MX_CAN_Init
 .text.HAL_CAN_MspInit
                0x08002610       0x84 Src/can.o
                0x08002610                HAL_CAN_MspInit
 .text.setupCANfilter
                0x08002694       0x44 Src/can.o
                0x08002694                setupCANfilter
 .text.MX_GPIO_Init
                0x080026d8       0x6c Src/gpio.o
                0x080026d8                MX_GPIO_Init
 .text.HAL_ADC_ConvCpltCallback
                0x08002744       0x40 Src/main.o
                0x08002744                HAL_ADC_ConvCpltCallback
 .text.HAL_CAN_RxCpltCallback
                0x08002784       0x60 Src/main.o
                0x08002784                HAL_CAN_RxCpltCallback
 .text._Error_Handler
                0x080027e4        0x2 Src/main.o
                0x080027e4                _Error_Handler
 *fill*         0x080027e6        0x2 
 .text.SystemClock_Config
                0x080027e8       0xa8 Src/main.o
                0x080027e8                SystemClock_Config
 .text.main     0x08002890      0x3f8 Src/main.o
                0x08002890                main
 .text.HAL_MspInit
                0x08002c88       0x90 Src/stm32f3xx_hal_msp.o
                0x08002c88                HAL_MspInit
 .text.NMI_Handler
                0x08002d18        0x2 Src/stm32f3xx_it.o
                0x08002d18                NMI_Handler
 .text.HardFault_Handler
                0x08002d1a        0x2 Src/stm32f3xx_it.o
                0x08002d1a                HardFault_Handler
 .text.MemManage_Handler
                0x08002d1c        0x2 Src/stm32f3xx_it.o
                0x08002d1c                MemManage_Handler
 .text.BusFault_Handler
                0x08002d1e        0x2 Src/stm32f3xx_it.o
                0x08002d1e                BusFault_Handler
 .text.UsageFault_Handler
                0x08002d20        0x2 Src/stm32f3xx_it.o
                0x08002d20                UsageFault_Handler
 .text.SVC_Handler
                0x08002d22        0x2 Src/stm32f3xx_it.o
                0x08002d22                SVC_Handler
 .text.DebugMon_Handler
                0x08002d24        0x2 Src/stm32f3xx_it.o
                0x08002d24                DebugMon_Handler
 .text.PendSV_Handler
                0x08002d26        0x2 Src/stm32f3xx_it.o
                0x08002d26                PendSV_Handler
 .text.SysTick_Handler
                0x08002d28        0xc Src/stm32f3xx_it.o
                0x08002d28                SysTick_Handler
 .text.ADC1_2_IRQHandler
                0x08002d34       0x18 Src/stm32f3xx_it.o
                0x08002d34                ADC1_2_IRQHandler
 .text.CAN_RX0_IRQHandler
                0x08002d4c       0x10 Src/stm32f3xx_it.o
                0x08002d4c                CAN_RX0_IRQHandler
 .text.CAN_RX1_IRQHandler
                0x08002d5c       0x10 Src/stm32f3xx_it.o
                0x08002d5c                CAN_RX1_IRQHandler
 .text.SystemInit
                0x08002d6c       0x68 Src/system_stm32f3xx.o
                0x08002d6c                SystemInit
 .text.Reset_Handler
                0x08002dd4       0x50 startup/startup_stm32f303x8.o
                0x08002dd4                Reset_Handler
 .text.Default_Handler
                0x08002e24        0x2 startup/startup_stm32f303x8.o
                0x08002e24                RTC_Alarm_IRQHandler
                0x08002e24                TIM1_CC_IRQHandler
                0x08002e24                PVD_IRQHandler
                0x08002e24                TAMP_STAMP_IRQHandler
                0x08002e24                EXTI3_IRQHandler
                0x08002e24                EXTI0_IRQHandler
                0x08002e24                FPU_IRQHandler
                0x08002e24                CAN_TX_IRQHandler
                0x08002e24                TIM1_UP_TIM16_IRQHandler
                0x08002e24                SPI1_IRQHandler
                0x08002e24                CAN_SCE_IRQHandler
                0x08002e24                DMA1_Channel4_IRQHandler
                0x08002e24                USART3_IRQHandler
                0x08002e24                DMA1_Channel7_IRQHandler
                0x08002e24                TIM7_DAC2_IRQHandler
                0x08002e24                I2C1_EV_IRQHandler
                0x08002e24                DMA1_Channel6_IRQHandler
                0x08002e24                TIM3_IRQHandler
                0x08002e24                RCC_IRQHandler
                0x08002e24                DMA1_Channel1_IRQHandler
                0x08002e24                Default_Handler
                0x08002e24                EXTI15_10_IRQHandler
                0x08002e24                COMP2_IRQHandler
                0x08002e24                TIM6_DAC1_IRQHandler
                0x08002e24                EXTI9_5_IRQHandler
                0x08002e24                RTC_WKUP_IRQHandler
                0x08002e24                DMA1_Channel5_IRQHandler
                0x08002e24                EXTI4_IRQHandler
                0x08002e24                TIM1_TRG_COM_TIM17_IRQHandler
                0x08002e24                DMA1_Channel3_IRQHandler
                0x08002e24                WWDG_IRQHandler
                0x08002e24                TIM2_IRQHandler
                0x08002e24                EXTI1_IRQHandler
                0x08002e24                COMP4_6_IRQHandler
                0x08002e24                USART2_IRQHandler
                0x08002e24                DMA1_Channel2_IRQHandler
                0x08002e24                FLASH_IRQHandler
                0x08002e24                USART1_IRQHandler
                0x08002e24                I2C1_ER_IRQHandler
                0x08002e24                EXTI2_TSC_IRQHandler
                0x08002e24                TIM1_BRK_TIM15_IRQHandler
 *(.glue_7)
 .glue_7        0x08002e26        0x0 linker stubs
 *(.glue_7t)
 .glue_7t       0x08002e26        0x0 linker stubs
 *(.eh_frame)
 *fill*         0x08002e26        0x2 
 .eh_frame      0x08002e28        0x0 c:/ac6/systemworkbench/plugins/fr.ac6.mcu.externaltools.arm-none.win32_1.16.0.201807130628/tools/compiler/bin/../lib/gcc/arm-none-eabi/7.2.1/thumb/v7e-m/fpv4-sp/hard/crtbegin.o
 *(.init)
 .init          0x08002e28        0x4 c:/ac6/systemworkbench/plugins/fr.ac6.mcu.externaltools.arm-none.win32_1.16.0.201807130628/tools/compiler/bin/../lib/gcc/arm-none-eabi/7.2.1/thumb/v7e-m/fpv4-sp/hard/crti.o
                0x08002e28                _init
 .init          0x08002e2c        0x8 c:/ac6/systemworkbench/plugins/fr.ac6.mcu.externaltools.arm-none.win32_1.16.0.201807130628/tools/compiler/bin/../lib/gcc/arm-none-eabi/7.2.1/thumb/v7e-m/fpv4-sp/hard/crtn.o
 *(.fini)
 .fini          0x08002e34        0x4 c:/ac6/systemworkbench/plugins/fr.ac6.mcu.externaltools.arm-none.win32_1.16.0.201807130628/tools/compiler/bin/../lib/gcc/arm-none-eabi/7.2.1/thumb/v7e-m/fpv4-sp/hard/crti.o
                0x08002e34                _fini
 .fini          0x08002e38        0x8 c:/ac6/systemworkbench/plugins/fr.ac6.mcu.externaltools.arm-none.win32_1.16.0.201807130628/tools/compiler/bin/../lib/gcc/arm-none-eabi/7.2.1/thumb/v7e-m/fpv4-sp/hard/crtn.o
                0x08002e40                . = ALIGN (0x4)
                0x08002e40                _etext = .

.vfp11_veneer   0x08002e40        0x0
 .vfp11_veneer  0x08002e40        0x0 linker stubs

.v4_bx          0x08002e40        0x0
 .v4_bx         0x08002e40        0x0 linker stubs

.iplt           0x08002e40        0x0
 .iplt          0x08002e40        0x0 c:/ac6/systemworkbench/plugins/fr.ac6.mcu.externaltools.arm-none.win32_1.16.0.201807130628/tools/compiler/bin/../lib/gcc/arm-none-eabi/7.2.1/thumb/v7e-m/fpv4-sp/hard/crtbegin.o

.rodata         0x08002e40       0x68
                0x08002e40                . = ALIGN (0x4)
 *(.rodata)
 .rodata        0x08002e40       0x20 Drivers/STM32F3xx_HAL_Driver/Src/stm32f3xx_hal_rcc.o
                0x08002e40                aPLLMULFactorTable
                0x08002e50                aPredivFactorTable
 .rodata        0x08002e60       0x18 Src/system_stm32f3xx.o
                0x08002e60                AHBPrescTable
                0x08002e70                APBPrescTable
 *(.rodata*)
 .rodata.str1.4
                0x08002e78        0xd Src/adc.o
 *fill*         0x08002e85        0x3 
 .rodata.str1.4
                0x08002e88        0xd Src/can.o
 *fill*         0x08002e95        0x3 
 .rodata.str1.4
                0x08002e98       0x10 Src/main.o
                                  0xe (size before relaxing)
                0x08002ea8                . = ALIGN (0x4)

.rel.dyn        0x08002ea8        0x0
 .rel.iplt      0x08002ea8        0x0 c:/ac6/systemworkbench/plugins/fr.ac6.mcu.externaltools.arm-none.win32_1.16.0.201807130628/tools/compiler/bin/../lib/gcc/arm-none-eabi/7.2.1/thumb/v7e-m/fpv4-sp/hard/crtbegin.o

.ARM.extab
 *(.ARM.extab* .gnu.linkonce.armextab.*)

.ARM            0x08002ea8        0x0
                0x08002ea8                __exidx_start = .
 *(.ARM.exidx*)
                0x08002ea8                __exidx_end = .

.preinit_array  0x08002ea8        0x0
                0x08002ea8                PROVIDE (__preinit_array_start, .)
 *(.preinit_array*)
                0x08002ea8                PROVIDE (__preinit_array_end, .)

.init_array     0x08002ea8        0x4
                0x08002ea8                PROVIDE (__init_array_start, .)
 *(SORT_BY_NAME(.init_array.*))
 *(.init_array*)
 .init_array    0x08002ea8        0x4 c:/ac6/systemworkbench/plugins/fr.ac6.mcu.externaltools.arm-none.win32_1.16.0.201807130628/tools/compiler/bin/../lib/gcc/arm-none-eabi/7.2.1/thumb/v7e-m/fpv4-sp/hard/crtbegin.o
                0x08002eac                PROVIDE (__init_array_end, .)

.fini_array     0x08002eac        0x4
                [!provide]                PROVIDE (__fini_array_start, .)
 *(SORT_BY_NAME(.fini_array.*))
 *(.fini_array*)
 .fini_array    0x08002eac        0x4 c:/ac6/systemworkbench/plugins/fr.ac6.mcu.externaltools.arm-none.win32_1.16.0.201807130628/tools/compiler/bin/../lib/gcc/arm-none-eabi/7.2.1/thumb/v7e-m/fpv4-sp/hard/crtbegin.o
                [!provide]                PROVIDE (__fini_array_end, .)
                0x08002eb0                _sidata = LOADADDR (.data)

.data           0x20000000        0x4 load address 0x08002eb0
                0x20000000                . = ALIGN (0x4)
                0x20000000                _sdata = .
 *(.data)
 .data          0x20000000        0x4 Src/system_stm32f3xx.o
                0x20000000                SystemCoreClock
 *(.data*)
                0x20000004                . = ALIGN (0x4)
                0x20000004                _edata = .
                0x08002eb4                _siccmram = LOADADDR (.ccmram)

.igot.plt       0x20000004        0x0 load address 0x08002eb4
 .igot.plt      0x20000004        0x0 c:/ac6/systemworkbench/plugins/fr.ac6.mcu.externaltools.arm-none.win32_1.16.0.201807130628/tools/compiler/bin/../lib/gcc/arm-none-eabi/7.2.1/thumb/v7e-m/fpv4-sp/hard/crtbegin.o

.ccmram         0x10000000        0x0 load address 0x08002eb4
                0x10000000                . = ALIGN (0x4)
                0x10000000                _sccmram = .
 *(.ccmram)
 *(.ccmram*)
                0x10000000                . = ALIGN (0x4)
                0x10000000                _eccmram = .
                0x10000000                . = ALIGN (0x4)

.bss            0x20000004      0x1b8
                0x20000004                _sbss = .
                0x20000004                __bss_start__ = _sbss
 *(.bss)
 .bss           0x20000004       0x1c c:/ac6/systemworkbench/plugins/fr.ac6.mcu.externaltools.arm-none.win32_1.16.0.201807130628/tools/compiler/bin/../lib/gcc/arm-none-eabi/7.2.1/thumb/v7e-m/fpv4-sp/hard/crtbegin.o
 .bss           0x20000020        0x4 Src/adc.o
 .bss           0x20000024       0x34 Src/main.o
                0x20000024                APPS1
                0x20000026                APPS2
                0x20000028                flagTPS1
                0x20000029                M
                0x2000002a                implTPS
                0x2000002c                timeTPS
                0x20000030                jTPS
                0x20000031                iTPS
                0x20000032                errTPS
                0x20000033                implAPPS
                0x20000034                timeAPPS
                0x20000038                jAPPS
                0x20000039                iAPPS
                0x2000003a                errAPPS
                0x2000003b                flagTPSe
                0x2000003c                implTPSe
                0x20000040                timeTPSe
                0x20000044                jTPSe
                0x20000045                iTPSe
                0x20000046                errTPSe
                0x20000047                implM
                0x20000048                timeMe
                0x2000004c                jM
                0x2000004d                iM
                0x2000004e                errM
                0x20000050                timeMr
                0x20000054                time_send
 *(.bss*)
 *(COMMON)
 COMMON         0x20000058        0x4 Drivers/STM32F3xx_HAL_Driver/Src/stm32f3xx_hal.o
                0x20000058                uwTick
 COMMON         0x2000005c       0xa8 Src/adc.o
                0x2000005c                hadc2
                0x200000b0                hadc1
 COMMON         0x20000104       0xac Src/can.o
                0x20000104                filt
                0x2000012c                hcan
                0x20000170                TxMessage
                0x2000018c                RxMessage
 COMMON         0x200001b0        0xc Src/main.o
                0x200001b0                TPS2
                0x200001b4                TPSe
                0x200001b8                TPS1
                0x200001bc                . = ALIGN (0x4)
                0x200001bc                _ebss = .
                0x200001bc                __bss_end__ = _ebss

._user_heap_stack
                0x200001bc      0x604
                0x200001c0                . = ALIGN (0x8)
 *fill*         0x200001bc        0x4 
                0x200001c0                PROVIDE (end, .)
                [!provide]                PROVIDE (_end, .)
                0x200003c0                . = (. + _Min_Heap_Size)
 *fill*         0x200001c0      0x200 
                0x200007c0                . = (. + _Min_Stack_Size)
 *fill*         0x200003c0      0x400 
                0x200007c0                . = ALIGN (0x8)

/DISCARD/
 libc.a(*)
 libm.a(*)
 libgcc.a(*)

.ARM.attributes
                0x00000000       0x30
 *(.ARM.attributes)
 .ARM.attributes
                0x00000000       0x22 c:/ac6/systemworkbench/plugins/fr.ac6.mcu.externaltools.arm-none.win32_1.16.0.201807130628/tools/compiler/bin/../lib/gcc/arm-none-eabi/7.2.1/thumb/v7e-m/fpv4-sp/hard/crti.o
 .ARM.attributes
                0x00000022       0x34 c:/ac6/systemworkbench/plugins/fr.ac6.mcu.externaltools.arm-none.win32_1.16.0.201807130628/tools/compiler/bin/../lib/gcc/arm-none-eabi/7.2.1/thumb/v7e-m/fpv4-sp/hard/crtbegin.o
 .ARM.attributes
                0x00000056       0x34 c:/ac6/systemworkbench/plugins/fr.ac6.mcu.externaltools.arm-none.win32_1.16.0.201807130628/tools/compiler/bin/../lib/gcc/arm-none-eabi/7.2.1/../../../../arm-none-eabi/lib/thumb/v7e-m/fpv4-sp/hard\libc_nano.a(lib_a-init.o)
 .ARM.attributes
                0x0000008a       0x39 Drivers/STM32F3xx_HAL_Driver/Src/stm32f3xx_hal.o
 .ARM.attributes
                0x000000c3       0x39 Drivers/STM32F3xx_HAL_Driver/Src/stm32f3xx_hal_adc.o
 .ARM.attributes
                0x000000fc       0x39 Drivers/STM32F3xx_HAL_Driver/Src/stm32f3xx_hal_adc_ex.o
 .ARM.attributes
                0x00000135       0x39 Drivers/STM32F3xx_HAL_Driver/Src/stm32f3xx_hal_can.o
 .ARM.attributes
                0x0000016e       0x39 Drivers/STM32F3xx_HAL_Driver/Src/stm32f3xx_hal_cortex.o
 .ARM.attributes
                0x000001a7       0x39 Drivers/STM32F3xx_HAL_Driver/Src/stm32f3xx_hal_gpio.o
 .ARM.attributes
                0x000001e0       0x39 Drivers/STM32F3xx_HAL_Driver/Src/stm32f3xx_hal_rcc.o
 .ARM.attributes
                0x00000219       0x39 Drivers/STM32F3xx_HAL_Driver/Src/stm32f3xx_hal_rcc_ex.o
 .ARM.attributes
                0x00000252       0x39 Src/adc.o
 .ARM.attributes
                0x0000028b       0x39 Src/can.o
 .ARM.attributes
                0x000002c4       0x39 Src/gpio.o
 .ARM.attributes
                0x000002fd       0x39 Src/main.o
 .ARM.attributes
                0x00000336       0x39 Src/stm32f3xx_hal_msp.o
 .ARM.attributes
                0x0000036f       0x39 Src/stm32f3xx_it.o
 .ARM.attributes
                0x000003a8       0x39 Src/system_stm32f3xx.o
 .ARM.attributes
                0x000003e1       0x21 startup/startup_stm32f303x8.o
 .ARM.attributes
                0x00000402       0x22 c:/ac6/systemworkbench/plugins/fr.ac6.mcu.externaltools.arm-none.win32_1.16.0.201807130628/tools/compiler/bin/../lib/gcc/arm-none-eabi/7.2.1/thumb/v7e-m/fpv4-sp/hard/crtn.o
OUTPUT(ADC_Prova_17_07.elf elf32-littlearm)

.debug_frame    0x00000000     0x10e8
 .debug_frame   0x00000000       0x2c c:/ac6/systemworkbench/plugins/fr.ac6.mcu.externaltools.arm-none.win32_1.16.0.201807130628/tools/compiler/bin/../lib/gcc/arm-none-eabi/7.2.1/../../../../arm-none-eabi/lib/thumb/v7e-m/fpv4-sp/hard\libc_nano.a(lib_a-init.o)
 .debug_frame   0x0000002c      0x198 Drivers/STM32F3xx_HAL_Driver/Src/stm32f3xx_hal.o
 .debug_frame   0x000001c4      0x170 Drivers/STM32F3xx_HAL_Driver/Src/stm32f3xx_hal_adc.o
 .debug_frame   0x00000334      0x4cc Drivers/STM32F3xx_HAL_Driver/Src/stm32f3xx_hal_adc_ex.o
 .debug_frame   0x00000800      0x208 Drivers/STM32F3xx_HAL_Driver/Src/stm32f3xx_hal_can.o
 .debug_frame   0x00000a08      0x12c Drivers/STM32F3xx_HAL_Driver/Src/stm32f3xx_hal_cortex.o
 .debug_frame   0x00000b34       0xec Drivers/STM32F3xx_HAL_Driver/Src/stm32f3xx_hal_gpio.o
 .debug_frame   0x00000c20      0x14c Drivers/STM32F3xx_HAL_Driver/Src/stm32f3xx_hal_rcc.o
 .debug_frame   0x00000d6c       0x80 Drivers/STM32F3xx_HAL_Driver/Src/stm32f3xx_hal_rcc_ex.o
 .debug_frame   0x00000dec       0x88 Src/adc.o
 .debug_frame   0x00000e74       0x78 Src/can.o
 .debug_frame   0x00000eec       0x30 Src/gpio.o
 .debug_frame   0x00000f1c       0x80 Src/main.o
 .debug_frame   0x00000f9c       0x2c Src/stm32f3xx_hal_msp.o
 .debug_frame   0x00000fc8       0xf0 Src/stm32f3xx_it.o
 .debug_frame   0x000010b8       0x30 Src/system_stm32f3xx.o

.debug_info     0x00000000    0x128b1
 .debug_info    0x00000000      0xf39 Drivers/STM32F3xx_HAL_Driver/Src/stm32f3xx_hal.o
 .debug_info    0x00000f39     0x1375 Drivers/STM32F3xx_HAL_Driver/Src/stm32f3xx_hal_adc.o
 .debug_info    0x000022ae     0x22ce Drivers/STM32F3xx_HAL_Driver/Src/stm32f3xx_hal_adc_ex.o
 .debug_info    0x0000457c     0x143c Drivers/STM32F3xx_HAL_Driver/Src/stm32f3xx_hal_can.o
 .debug_info    0x000059b8     0x147a Drivers/STM32F3xx_HAL_Driver/Src/stm32f3xx_hal_cortex.o
 .debug_info    0x00006e32      0xfa3 Drivers/STM32F3xx_HAL_Driver/Src/stm32f3xx_hal_gpio.o
 .debug_info    0x00007dd5     0x1baf Drivers/STM32F3xx_HAL_Driver/Src/stm32f3xx_hal_rcc.o
 .debug_info    0x00009984      0xe54 Drivers/STM32F3xx_HAL_Driver/Src/stm32f3xx_hal_rcc_ex.o
 .debug_info    0x0000a7d8     0x15d5 Src/adc.o
 .debug_info    0x0000bdad     0x1467 Src/can.o
 .debug_info    0x0000d214      0xbf0 Src/gpio.o
 .debug_info    0x0000de04     0x1d3a Src/main.o
 .debug_info    0x0000fb3e      0xc8c Src/stm32f3xx_hal_msp.o
 .debug_info    0x000107ca     0x1498 Src/stm32f3xx_it.o
 .debug_info    0x00011c62      0xc2d Src/system_stm32f3xx.o
 .debug_info    0x0001288f       0x22 startup/startup_stm32f303x8.o

.debug_abbrev   0x00000000     0x286d
 .debug_abbrev  0x00000000      0x2d8 Drivers/STM32F3xx_HAL_Driver/Src/stm32f3xx_hal.o
 .debug_abbrev  0x000002d8      0x230 Drivers/STM32F3xx_HAL_Driver/Src/stm32f3xx_hal_adc.o
 .debug_abbrev  0x00000508      0x332 Drivers/STM32F3xx_HAL_Driver/Src/stm32f3xx_hal_adc_ex.o
 .debug_abbrev  0x0000083a      0x2cf Drivers/STM32F3xx_HAL_Driver/Src/stm32f3xx_hal_can.o
 .debug_abbrev  0x00000b09      0x3b1 Drivers/STM32F3xx_HAL_Driver/Src/stm32f3xx_hal_cortex.o
 .debug_abbrev  0x00000eba      0x2a7 Drivers/STM32F3xx_HAL_Driver/Src/stm32f3xx_hal_gpio.o
 .debug_abbrev  0x00001161      0x345 Drivers/STM32F3xx_HAL_Driver/Src/stm32f3xx_hal_rcc.o
 .debug_abbrev  0x000014a6      0x336 Drivers/STM32F3xx_HAL_Driver/Src/stm32f3xx_hal_rcc_ex.o
 .debug_abbrev  0x000017dc      0x261 Src/adc.o
 .debug_abbrev  0x00001a3d      0x2a6 Src/can.o
 .debug_abbrev  0x00001ce3      0x22b Src/gpio.o
 .debug_abbrev  0x00001f0e      0x2d7 Src/main.o
 .debug_abbrev  0x000021e5      0x234 Src/stm32f3xx_hal_msp.o
 .debug_abbrev  0x00002419      0x23d Src/stm32f3xx_it.o
 .debug_abbrev  0x00002656      0x205 Src/system_stm32f3xx.o
 .debug_abbrev  0x0000285b       0x12 startup/startup_stm32f303x8.o

.debug_loc      0x00000000     0x3e7e
 .debug_loc     0x00000000       0x69 Drivers/STM32F3xx_HAL_Driver/Src/stm32f3xx_hal.o
 .debug_loc     0x00000069      0x1ef Drivers/STM32F3xx_HAL_Driver/Src/stm32f3xx_hal_adc.o
 .debug_loc     0x00000258     0x1afd Drivers/STM32F3xx_HAL_Driver/Src/stm32f3xx_hal_adc_ex.o
 .debug_loc     0x00001d55      0x89b Drivers/STM32F3xx_HAL_Driver/Src/stm32f3xx_hal_can.o
 .debug_loc     0x000025f0      0x5ad Drivers/STM32F3xx_HAL_Driver/Src/stm32f3xx_hal_cortex.o
 .debug_loc     0x00002b9d      0x361 Drivers/STM32F3xx_HAL_Driver/Src/stm32f3xx_hal_gpio.o
 .debug_loc     0x00002efe      0x8f8 Drivers/STM32F3xx_HAL_Driver/Src/stm32f3xx_hal_rcc.o
 .debug_loc     0x000037f6      0x449 Drivers/STM32F3xx_HAL_Driver/Src/stm32f3xx_hal_rcc_ex.o
 .debug_loc     0x00003c3f       0xb1 Src/adc.o
 .debug_loc     0x00003cf0       0x5b Src/can.o
 .debug_loc     0x00003d4b       0x34 Src/main.o
 .debug_loc     0x00003d7f       0xff Src/system_stm32f3xx.o

.debug_aranges  0x00000000      0x708
 .debug_aranges
                0x00000000       0xc8 Drivers/STM32F3xx_HAL_Driver/Src/stm32f3xx_hal.o
 .debug_aranges
                0x000000c8       0xc8 Drivers/STM32F3xx_HAL_Driver/Src/stm32f3xx_hal_adc.o
 .debug_aranges
                0x00000190      0x168 Drivers/STM32F3xx_HAL_Driver/Src/stm32f3xx_hal_adc_ex.o
 .debug_aranges
                0x000002f8       0xb0 Drivers/STM32F3xx_HAL_Driver/Src/stm32f3xx_hal_can.o
 .debug_aranges
                0x000003a8       0x90 Drivers/STM32F3xx_HAL_Driver/Src/stm32f3xx_hal_cortex.o
 .debug_aranges
                0x00000438       0x58 Drivers/STM32F3xx_HAL_Driver/Src/stm32f3xx_hal_gpio.o
 .debug_aranges
                0x00000490       0x88 Drivers/STM32F3xx_HAL_Driver/Src/stm32f3xx_hal_rcc.o
 .debug_aranges
                0x00000518       0x38 Drivers/STM32F3xx_HAL_Driver/Src/stm32f3xx_hal_rcc_ex.o
 .debug_aranges
                0x00000550       0x38 Src/adc.o
 .debug_aranges
                0x00000588       0x38 Src/can.o
 .debug_aranges
                0x000005c0       0x20 Src/gpio.o
 .debug_aranges
                0x000005e0       0x40 Src/main.o
 .debug_aranges
                0x00000620       0x20 Src/stm32f3xx_hal_msp.o
 .debug_aranges
                0x00000640       0x78 Src/stm32f3xx_it.o
 .debug_aranges
                0x000006b8       0x28 Src/system_stm32f3xx.o
 .debug_aranges
                0x000006e0       0x28 startup/startup_stm32f303x8.o

.debug_ranges   0x00000000      0x6a8
 .debug_ranges  0x00000000       0xb8 Drivers/STM32F3xx_HAL_Driver/Src/stm32f3xx_hal.o
 .debug_ranges  0x000000b8       0xb8 Drivers/STM32F3xx_HAL_Driver/Src/stm32f3xx_hal_adc.o
 .debug_ranges  0x00000170      0x158 Drivers/STM32F3xx_HAL_Driver/Src/stm32f3xx_hal_adc_ex.o
 .debug_ranges  0x000002c8       0xa0 Drivers/STM32F3xx_HAL_Driver/Src/stm32f3xx_hal_can.o
 .debug_ranges  0x00000368       0xe0 Drivers/STM32F3xx_HAL_Driver/Src/stm32f3xx_hal_cortex.o
 .debug_ranges  0x00000448       0x48 Drivers/STM32F3xx_HAL_Driver/Src/stm32f3xx_hal_gpio.o
 .debug_ranges  0x00000490       0x98 Drivers/STM32F3xx_HAL_Driver/Src/stm32f3xx_hal_rcc.o
 .debug_ranges  0x00000528       0x40 Drivers/STM32F3xx_HAL_Driver/Src/stm32f3xx_hal_rcc_ex.o
 .debug_ranges  0x00000568       0x28 Src/adc.o
 .debug_ranges  0x00000590       0x28 Src/can.o
 .debug_ranges  0x000005b8       0x10 Src/gpio.o
 .debug_ranges  0x000005c8       0x30 Src/main.o
 .debug_ranges  0x000005f8       0x10 Src/stm32f3xx_hal_msp.o
 .debug_ranges  0x00000608       0x68 Src/stm32f3xx_it.o
 .debug_ranges  0x00000670       0x18 Src/system_stm32f3xx.o
 .debug_ranges  0x00000688       0x20 startup/startup_stm32f303x8.o

.debug_macro    0x00000000    0x18c96
 .debug_macro   0x00000000      0x340 Drivers/STM32F3xx_HAL_Driver/Src/stm32f3xx_hal.o
 .debug_macro   0x00000340      0xa60 Drivers/STM32F3xx_HAL_Driver/Src/stm32f3xx_hal.o
 .debug_macro   0x00000da0       0x1c Drivers/STM32F3xx_HAL_Driver/Src/stm32f3xx_hal.o
 .debug_macro   0x00000dbc       0xa5 Drivers/STM32F3xx_HAL_Driver/Src/stm32f3xx_hal.o
 .debug_macro   0x00000e61       0x2f Drivers/STM32F3xx_HAL_Driver/Src/stm32f3xx_hal.o
 .debug_macro   0x00000e90       0x28 Drivers/STM32F3xx_HAL_Driver/Src/stm32f3xx_hal.o
 .debug_macro   0x00000eb8       0x22 Drivers/STM32F3xx_HAL_Driver/Src/stm32f3xx_hal.o
 .debug_macro   0x00000eda       0x87 Drivers/STM32F3xx_HAL_Driver/Src/stm32f3xx_hal.o
 .debug_macro   0x00000f61       0x51 Drivers/STM32F3xx_HAL_Driver/Src/stm32f3xx_hal.o
 .debug_macro   0x00000fb2       0xef Drivers/STM32F3xx_HAL_Driver/Src/stm32f3xx_hal.o
 .debug_macro   0x000010a1       0x6a Drivers/STM32F3xx_HAL_Driver/Src/stm32f3xx_hal.o
 .debug_macro   0x0000110b      0x1df Drivers/STM32F3xx_HAL_Driver/Src/stm32f3xx_hal.o
 .debug_macro   0x000012ea       0x35 Drivers/STM32F3xx_HAL_Driver/Src/stm32f3xx_hal.o
 .debug_macro   0x0000131f       0x50 Drivers/STM32F3xx_HAL_Driver/Src/stm32f3xx_hal.o
 .debug_macro   0x0000136f      0xd40 Drivers/STM32F3xx_HAL_Driver/Src/stm32f3xx_hal.o
 .debug_macro   0x000020af    0x10bfc Drivers/STM32F3xx_HAL_Driver/Src/stm32f3xx_hal.o
 .debug_macro   0x00012cab       0x43 Drivers/STM32F3xx_HAL_Driver/Src/stm32f3xx_hal.o
 .debug_macro   0x00012cee       0x58 Drivers/STM32F3xx_HAL_Driver/Src/stm32f3xx_hal.o
 .debug_macro   0x00012d46       0x17 Drivers/STM32F3xx_HAL_Driver/Src/stm32f3xx_hal.o
 .debug_macro   0x00012d5d       0x35 Drivers/STM32F3xx_HAL_Driver/Src/stm32f3xx_hal.o
 .debug_macro   0x00012d92       0x9c Drivers/STM32F3xx_HAL_Driver/Src/stm32f3xx_hal.o
 .debug_macro   0x00012e2e       0x16 Drivers/STM32F3xx_HAL_Driver/Src/stm32f3xx_hal.o
 .debug_macro   0x00012e44       0x97 Drivers/STM32F3xx_HAL_Driver/Src/stm32f3xx_hal.o
 .debug_macro   0x00012edb      0x330 Drivers/STM32F3xx_HAL_Driver/Src/stm32f3xx_hal.o
 .debug_macro   0x0001320b       0xfd Drivers/STM32F3xx_HAL_Driver/Src/stm32f3xx_hal.o
 .debug_macro   0x00013308       0x10 Drivers/STM32F3xx_HAL_Driver/Src/stm32f3xx_hal.o
 .debug_macro   0x00013318       0x58 Drivers/STM32F3xx_HAL_Driver/Src/stm32f3xx_hal.o
 .debug_macro   0x00013370       0x1f Drivers/STM32F3xx_HAL_Driver/Src/stm32f3xx_hal.o
 .debug_macro   0x0001338f       0x43 Drivers/STM32F3xx_HAL_Driver/Src/stm32f3xx_hal.o
 .debug_macro   0x000133d2       0x20 Drivers/STM32F3xx_HAL_Driver/Src/stm32f3xx_hal.o
 .debug_macro   0x000133f2      0x18e Drivers/STM32F3xx_HAL_Driver/Src/stm32f3xx_hal.o
 .debug_macro   0x00013580       0x10 Drivers/STM32F3xx_HAL_Driver/Src/stm32f3xx_hal.o
 .debug_macro   0x00013590       0x1c Drivers/STM32F3xx_HAL_Driver/Src/stm32f3xx_hal.o
 .debug_macro   0x000135ac       0x52 Drivers/STM32F3xx_HAL_Driver/Src/stm32f3xx_hal.o
 .debug_macro   0x000135fe       0x40 Drivers/STM32F3xx_HAL_Driver/Src/stm32f3xx_hal.o
 .debug_macro   0x0001363e       0x10 Drivers/STM32F3xx_HAL_Driver/Src/stm32f3xx_hal.o
 .debug_macro   0x0001364e       0x40 Drivers/STM32F3xx_HAL_Driver/Src/stm32f3xx_hal.o
 .debug_macro   0x0001368e       0xd7 Drivers/STM32F3xx_HAL_Driver/Src/stm32f3xx_hal.o
 .debug_macro   0x00013765       0x1c Drivers/STM32F3xx_HAL_Driver/Src/stm32f3xx_hal.o
 .debug_macro   0x00013781       0x3d Drivers/STM32F3xx_HAL_Driver/Src/stm32f3xx_hal.o
 .debug_macro   0x000137be       0x16 Drivers/STM32F3xx_HAL_Driver/Src/stm32f3xx_hal.o
 .debug_macro   0x000137d4      0x16f Drivers/STM32F3xx_HAL_Driver/Src/stm32f3xx_hal.o
 .debug_macro   0x00013943       0x49 Drivers/STM32F3xx_HAL_Driver/Src/stm32f3xx_hal.o
 .debug_macro   0x0001398c      0x8ff Drivers/STM32F3xx_HAL_Driver/Src/stm32f3xx_hal.o
 .debug_macro   0x0001428b      0x304 Drivers/STM32F3xx_HAL_Driver/Src/stm32f3xx_hal.o
 .debug_macro   0x0001458f      0x13a Drivers/STM32F3xx_HAL_Driver/Src/stm32f3xx_hal.o
 .debug_macro   0x000146c9      0x11b Drivers/STM32F3xx_HAL_Driver/Src/stm32f3xx_hal.o
 .debug_macro   0x000147e4      0x1bc Drivers/STM32F3xx_HAL_Driver/Src/stm32f3xx_hal.o
 .debug_macro   0x000149a0       0x34 Drivers/STM32F3xx_HAL_Driver/Src/stm32f3xx_hal.o
 .debug_macro   0x000149d4       0x3c Drivers/STM32F3xx_HAL_Driver/Src/stm32f3xx_hal.o
 .debug_macro   0x00014a10       0x57 Drivers/STM32F3xx_HAL_Driver/Src/stm32f3xx_hal.o
 .debug_macro   0x00014a67      0x884 Drivers/STM32F3xx_HAL_Driver/Src/stm32f3xx_hal.o
 .debug_macro   0x000152eb       0x77 Drivers/STM32F3xx_HAL_Driver/Src/stm32f3xx_hal.o
 .debug_macro   0x00015362      0x391 Drivers/STM32F3xx_HAL_Driver/Src/stm32f3xx_hal.o
 .debug_macro   0x000156f3       0xcb Drivers/STM32F3xx_HAL_Driver/Src/stm32f3xx_hal.o
 .debug_macro   0x000157be      0x1a0 Drivers/STM32F3xx_HAL_Driver/Src/stm32f3xx_hal.o
 .debug_macro   0x0001595e      0x202 Drivers/STM32F3xx_HAL_Driver/Src/stm32f3xx_hal.o
 .debug_macro   0x00015b60       0x5b Drivers/STM32F3xx_HAL_Driver/Src/stm32f3xx_hal.o
 .debug_macro   0x00015bbb       0x90 Drivers/STM32F3xx_HAL_Driver/Src/stm32f3xx_hal.o
 .debug_macro   0x00015c4b       0x82 Drivers/STM32F3xx_HAL_Driver/Src/stm32f3xx_hal.o
 .debug_macro   0x00015ccd       0xd3 Drivers/STM32F3xx_HAL_Driver/Src/stm32f3xx_hal.o
 .debug_macro   0x00015da0      0x27c Drivers/STM32F3xx_HAL_Driver/Src/stm32f3xx_hal.o
 .debug_macro   0x0001601c      0x31d Drivers/STM32F3xx_HAL_Driver/Src/stm32f3xx_hal_adc.o
 .debug_macro   0x00016339      0x346 Drivers/STM32F3xx_HAL_Driver/Src/stm32f3xx_hal_adc_ex.o
 .debug_macro   0x0001667f      0x323 Drivers/STM32F3xx_HAL_Driver/Src/stm32f3xx_hal_can.o
 .debug_macro   0x000169a2      0x31c Drivers/STM32F3xx_HAL_Driver/Src/stm32f3xx_hal_cortex.o
 .debug_macro   0x00016cbe      0x354 Drivers/STM32F3xx_HAL_Driver/Src/stm32f3xx_hal_gpio.o
 .debug_macro   0x00017012      0x340 Drivers/STM32F3xx_HAL_Driver/Src/stm32f3xx_hal_rcc.o
 .debug_macro   0x00017352      0x31c Drivers/STM32F3xx_HAL_Driver/Src/stm32f3xx_hal_rcc_ex.o
 .debug_macro   0x0001766e      0x330 Src/adc.o
 .debug_macro   0x0001799e      0x330 Src/can.o
 .debug_macro   0x00017cce      0x326 Src/gpio.o
 .debug_macro   0x00017ff4      0x33e Src/main.o
 .debug_macro   0x00018332      0x31c Src/stm32f3xx_hal_msp.o
 .debug_macro   0x0001864e      0x326 Src/stm32f3xx_it.o
 .debug_macro   0x00018974      0x322 Src/system_stm32f3xx.o

.debug_line     0x00000000     0x92d8
 .debug_line    0x00000000      0x8ff Drivers/STM32F3xx_HAL_Driver/Src/stm32f3xx_hal.o
 .debug_line    0x000008ff      0x8fa Drivers/STM32F3xx_HAL_Driver/Src/stm32f3xx_hal_adc.o
 .debug_line    0x000011f9     0x14f0 Drivers/STM32F3xx_HAL_Driver/Src/stm32f3xx_hal_adc_ex.o
 .debug_line    0x000026e9      0xd1a Drivers/STM32F3xx_HAL_Driver/Src/stm32f3xx_hal_can.o
 .debug_line    0x00003403      0x939 Drivers/STM32F3xx_HAL_Driver/Src/stm32f3xx_hal_cortex.o
 .debug_line    0x00003d3c      0x8c4 Drivers/STM32F3xx_HAL_Driver/Src/stm32f3xx_hal_gpio.o
 .debug_line    0x00004600      0xc28 Drivers/STM32F3xx_HAL_Driver/Src/stm32f3xx_hal_rcc.o
 .debug_line    0x00005228      0x900 Drivers/STM32F3xx_HAL_Driver/Src/stm32f3xx_hal_rcc_ex.o
 .debug_line    0x00005b28      0x809 Src/adc.o
 .debug_line    0x00006331      0x7d1 Src/can.o
 .debug_line    0x00006b02      0x764 Src/gpio.o
 .debug_line    0x00007266      0x8d0 Src/main.o
 .debug_line    0x00007b36      0x768 Src/stm32f3xx_hal_msp.o
 .debug_line    0x0000829e      0x828 Src/stm32f3xx_it.o
 .debug_line    0x00008ac6      0x793 Src/system_stm32f3xx.o
 .debug_line    0x00009259       0x7f startup/startup_stm32f303x8.o

.debug_str      0x00000000    0x84025
 .debug_str     0x00000000    0x81fa7 Drivers/STM32F3xx_HAL_Driver/Src/stm32f3xx_hal.o
                              0x822a4 (size before relaxing)
 .debug_str     0x00081fa7      0x633 Drivers/STM32F3xx_HAL_Driver/Src/stm32f3xx_hal_adc.o
                              0x8225f (size before relaxing)
 .debug_str     0x000825da      0x72b Drivers/STM32F3xx_HAL_Driver/Src/stm32f3xx_hal_adc_ex.o
                              0x82955 (size before relaxing)
 .debug_str     0x00082d05      0x4ce Drivers/STM32F3xx_HAL_Driver/Src/stm32f3xx_hal_can.o
                              0x82142 (size before relaxing)
 .debug_str     0x000831d3      0x2af Drivers/STM32F3xx_HAL_Driver/Src/stm32f3xx_hal_cortex.o
                              0x8226c (size before relaxing)
 .debug_str     0x00083482      0x2db Drivers/STM32F3xx_HAL_Driver/Src/stm32f3xx_hal_gpio.o
                              0x81f31 (size before relaxing)
 .debug_str     0x0008375d      0x3fe Drivers/STM32F3xx_HAL_Driver/Src/stm32f3xx_hal_rcc.o
                              0x820c9 (size before relaxing)
 .debug_str     0x00083b5b      0x17f Drivers/STM32F3xx_HAL_Driver/Src/stm32f3xx_hal_rcc_ex.o
                              0x81e0e (size before relaxing)
 .debug_str     0x00083cda       0x89 Src/adc.o
                              0x82504 (size before relaxing)
 .debug_str     0x00083d63       0x54 Src/can.o
                              0x823f4 (size before relaxing)
 .debug_str     0x00083db7       0x1b Src/gpio.o
                              0x81c7f (size before relaxing)
 .debug_str     0x00083dd2       0xd9 Src/main.o
                              0x8298c (size before relaxing)
 .debug_str     0x00083eab       0x1b Src/stm32f3xx_hal_msp.o
                              0x81eda (size before relaxing)
 .debug_str     0x00083ec6       0xcb Src/stm32f3xx_it.o
                              0x8232a (size before relaxing)
 .debug_str     0x00083f91       0x64 Src/system_stm32f3xx.o
                              0x81c62 (size before relaxing)
 .debug_str     0x00083ff5       0x30 startup/startup_stm32f303x8.o
                                 0x5f (size before relaxing)

.comment        0x00000000       0x7e
 .comment       0x00000000       0x7e Drivers/STM32F3xx_HAL_Driver/Src/stm32f3xx_hal.o
                                 0x7f (size before relaxing)
 .comment       0x0000007e       0x7f Drivers/STM32F3xx_HAL_Driver/Src/stm32f3xx_hal_adc.o
 .comment       0x0000007e       0x7f Drivers/STM32F3xx_HAL_Driver/Src/stm32f3xx_hal_adc_ex.o
 .comment       0x0000007e       0x7f Drivers/STM32F3xx_HAL_Driver/Src/stm32f3xx_hal_can.o
 .comment       0x0000007e       0x7f Drivers/STM32F3xx_HAL_Driver/Src/stm32f3xx_hal_cortex.o
 .comment       0x0000007e       0x7f Drivers/STM32F3xx_HAL_Driver/Src/stm32f3xx_hal_gpio.o
 .comment       0x0000007e       0x7f Drivers/STM32F3xx_HAL_Driver/Src/stm32f3xx_hal_rcc.o
 .comment       0x0000007e       0x7f Drivers/STM32F3xx_HAL_Driver/Src/stm32f3xx_hal_rcc_ex.o
 .comment       0x0000007e       0x7f Src/adc.o
 .comment       0x0000007e       0x7f Src/can.o
 .comment       0x0000007e       0x7f Src/gpio.o
 .comment       0x0000007e       0x7f Src/main.o
 .comment       0x0000007e       0x7f Src/stm32f3xx_hal_msp.o
 .comment       0x0000007e       0x7f Src/stm32f3xx_it.o
 .comment       0x0000007e       0x7f Src/system_stm32f3xx.o
